// Jest Snapshot v1, https://goo.gl/fbAQLP

exports[`consts snapshot 1`] = `
{
  "BaseRecordCompareTo": {
    "LatestCommit": "LATEST_COMMIT",
    "PreviousCommit": "PREVIOUS_COMMIT",
  },
  "CommitRecordsQueryResolution": {
    "All": "all",
    "Days": "days",
    "Months": "months",
    "Weeks": "weeks",
  },
  "CreateCommitRecordAuthType": {
    "GithubActions": "GITHUB_ACTIONS",
    "ProjectApiKey": "PROJECT_API_KEY",
  },
  "MAX_COMMIT_MSG_LENGTH": 72,
  "MAX_QUERY_RECORDS": 100,
}
`;
