// Jest Snapshot v1, https://goo.gl/fbAQLP

exports[`consts snapshot 1`] = `
Object {
  "BaseRecordCompareTo": Object {
    "LatestCommit": "LATEST_COMMIT",
    "PreviousCommit": "PREVIOUS_COMMIT",
  },
  "CommitRecordsQueryResolution": Object {
    "All": "all",
    "Days": "days",
    "Months": "months",
    "Weeks": "weeks",
  },
  "CreateCommitRecordAuthType": Object {
    "GithubActions": "GITHUB_ACTIONS",
  },
}
`;
